// Jest Snapshot v1, https://goo.gl/fbAQLP

exports[`Component => Phone should match snapshot 1`] = `
<form>
  <div>
    <label>
      Phone number
    </label>
    <div>
      <input
        name="phone"
        placeholder="Phone"
        type="number"
        value=""
      />
    </div>
  </div>
</form>
`;
