// Jest Snapshot v1, https://goo.gl/fbAQLP

exports[`Component => Username should match snapshot 1`] = `
<form>
  <div>
    <label>
      Username
    </label>
    <div>
      <input
        name="username"
        placeholder="Username"
        type="text"
        value=""
      />
    </div>
  </div>
</form>
`;
